[themographics.com/html/fashioner/dark/product-grid.html]
[backblue.gif]
[fade.gif]
[index.html]
[themographics.com/html/fashioner/dark/apple-touch-icon.png]
[themographics.com/html/fashioner/dark/js/vendor/modernizr-2.8.3-respond-1.4.2.min.js]
[themographics.com/html/fashioner/dark/info@sitename.html]
[themographics.com/html/fashioner/dark/images/thumbnail/thumbnail-01.jpg]
[themographics.com/html/fashioner/dark/images/thumbnail/thumbnail-02.jpg]
[themographics.com/html/fashioner/dark/cart.html]
[themographics.com/html/fashioner/dark/checkout.html]
[themographics.com/html/fashioner/dark/index.html]
[themographics.com/html/fashioner/dark/images/logo.png]
[themographics.com/html/fashioner/dark/index-footer-variation.html]
[themographics.com/html/fashioner/dark/about-us.html]
[themographics.com/html/fashioner/dark/product-list.html]
[themographics.com/html/fashioner/dark/product-single.html]
[themographics.com/html/fashioner/dark/gallery-masonry2.html]
[themographics.com/html/fashioner/dark/gallery-filterable.html]
[themographics.com/html/fashioner/dark/gallery-masonry.html]
[themographics.com/html/fashioner/dark/blog.html]
[themographics.com/html/fashioner/dark/blog-list.html]
[themographics.com/html/fashioner/dark/blog-grid.html]
[themographics.com/html/fashioner/dark/blog-detail.html]
[themographics.com/html/fashioner/dark/404.html]
[themographics.com/html/fashioner/dark/coming-soon.html]
[themographics.com/html/fashioner/dark/contactus.html]
[themographics.com/html/fashioner/dark/images/img-47.jpg]
[themographics.com/html/fashioner/dark/images/products/product-01.jpg]
[themographics.com/html/fashioner/dark/images/products/product-02.jpg]
[themographics.com/html/fashioner/dark/images/products/product-03.jpg]
[themographics.com/html/fashioner/dark/images/products/product-04.jpg]
[themographics.com/html/fashioner/dark/images/products/product-05.jpg]
[themographics.com/html/fashioner/dark/images/products/product-06.jpg]
[themographics.com/html/fashioner/dark/images/products/product-07.jpg]
[themographics.com/html/fashioner/dark/images/products/product-08.jpg]
[themographics.com/html/fashioner/dark/images/products/product-09.jpg]
[themographics.com/html/fashioner/dark/images/banner-01.jpg]
[themographics.com/html/fashioner/dark/images/banner-02.jpg]
[themographics.com/html/fashioner/dark/images/instagram/large/img-01.html]
[themographics.com/html/fashioner/dark/images/instagram/thumbnail/thumb-01.jpg]
[themographics.com/html/fashioner/dark/images/instagram/large/img-02.jpg]
[themographics.com/html/fashioner/dark/images/instagram/thumbnail/thumb-02.jpg]
[themographics.com/html/fashioner/dark/images/instagram/large/img-03.jpg]
[themographics.com/html/fashioner/dark/images/instagram/thumbnail/thumb-03.jpg]
[themographics.com/html/fashioner/dark/images/instagram/large/img-04.jpg]
[themographics.com/html/fashioner/dark/images/instagram/thumbnail/thumb-04.jpg]
[themographics.com/html/fashioner/dark/images/instagram/large/img-05.jpg]
[themographics.com/html/fashioner/dark/images/instagram/thumbnail/thumb-05.jpg]
[themographics.com/html/fashioner/dark/images/instagram/large/img-06.jpg]
[themographics.com/html/fashioner/dark/images/instagram/thumbnail/thumb-06.jpg]
[themographics.com/html/fashioner/dark/images/instagram/large/img-07.jpg]
[themographics.com/html/fashioner/dark/images/instagram/thumbnail/thumb-07.jpg]
[themographics.com/html/fashioner/dark/images/instagram/large/img-08.jpg]
[themographics.com/html/fashioner/dark/images/instagram/thumbnail/thumb-08.jpg]
[themographics.com/html/fashioner/dark/images/instagram/large/img-09.jpg]
[themographics.com/html/fashioner/dark/images/instagram/thumbnail/thumb-09.jpg]
[themographics.com/html/fashioner/dark/images/instagram/large/img-10.jpg]
[themographics.com/html/fashioner/dark/images/instagram/thumbnail/thumb-10.jpg]
[themographics.com/html/fashioner/dark/images/instagram/large/img-11.jpg]
[themographics.com/html/fashioner/dark/images/instagram/thumbnail/thumb-11.jpg]
[themographics.com/html/fashioner/dark/images/instagram/large/img-12.jpg]
[themographics.com/html/fashioner/dark/images/instagram/thumbnail/thumb-12.jpg]
[themographics.com/html/fashioner/dark/support@sitename.html]
[themographics.com/html/fashioner/dark/images/icon-payment.png]
[themographics.com/html/fashioner/dark/js/vendor/jquery-plugin.min.js]
[themographics.com/html/fashioner/dark/js/vendor/bootstrap.min.js]
[themographics.com/html/fashioner/dark/js/owl.carousel.min.js]
[themographics.com/html/fashioner/dark/js/parallax.js]
[themographics.com/html/fashioner/dark/js/jquery.prettyPhoto.js]
[themographics.com/html/fashioner/dark/js/jquery.lettering.js]
[themographics.com/html/fashioner/dark/js/jquery.countdown.js]
[themographics.com/html/fashioner/dark/js/custom-form/jcf.js]
[themographics.com/html/fashioner/dark/js/custom-form/jcf.checkbox.js]
[themographics.com/html/fashioner/dark/js/custom-form/jcf.select.js]
[themographics.com/html/fashioner/dark/js/custom-form/jcf.radio.js]
[themographics.com/html/fashioner/dark/js/custom-form/jcf.file.js]
[themographics.com/html/fashioner/dark/js/appear.js]
[themographics.com/html/fashioner/dark/js/jquery.nicescroll.js]
[themographics.com/html/fashioner/dark/js/isotope.pkgd.min.js]
[themographics.com/html/fashioner/dark/js/isotop.js]
[themographics.com/html/fashioner/dark/js/jquery.carouFredSel-6.0.4-packed.js]
[themographics.com/html/fashioner/dark/js/gmap3.min.js]
[themographics.com/html/fashioner/dark/js/main.js]
[themographics.com/html/fashioner/dark/product-grid.html]
[themographics.com/html/fashioner/dark/fonts/glyphicons-halflings-regular.eot]
[themographics.com/html/fashioner/dark/fonts/glyphicons-halflings-regulard41d.eot]
[themographics.com/html/fashioner/dark/fonts/glyphicons-halflings-regular.woff2]
[themographics.com/html/fashioner/dark/fonts/glyphicons-halflings-regular.woff]
[themographics.com/html/fashioner/dark/fonts/glyphicons-halflings-regular.ttf]
[themographics.com/html/fashioner/dark/css/bootstrap.min.css]
[themographics.com/html/fashioner/dark/fonts/fontawesome-webfont93e3.eot]
[themographics.com/html/fashioner/dark/fonts/fontawesome-webfontd41d.eot]
[themographics.com/html/fashioner/dark/fonts/fontawesome-webfont93e3.woff2]
[themographics.com/html/fashioner/dark/fonts/fontawesome-webfont93e3.woff]
[themographics.com/html/fashioner/dark/fonts/fontawesome-webfont93e3.ttf]
[themographics.com/html/fashioner/dark/css/font-awesome.css]
[themographics.com/html/fashioner/dark/css/jcf.css]
[themographics.com/html/fashioner/dark/css/grabbing.html]
[themographics.com/html/fashioner/dark/css/owl.carousel.css]
[themographics.com/html/fashioner/dark/images/AjaxLoader.html]
[themographics.com/html/fashioner/dark/css/owl.theme.css]
[themographics.com/html/fashioner/dark/fonts/flaticon.eot]
[themographics.com/html/fashioner/dark/fonts/flaticon.woff]
[themographics.com/html/fashioner/dark/fonts/flaticon.ttf]
[themographics.com/html/fashioner/dark/css/flaticon.css]
[themographics.com/html/fashioner/dark/fonts/icomoon55d0.eot]
[themographics.com/html/fashioner/dark/fonts/icomoond41d.eot]
[themographics.com/html/fashioner/dark/fonts/icomoon55d0.ttf]
[themographics.com/html/fashioner/dark/fonts/icomoon55d0.woff]
[themographics.com/html/fashioner/dark/css/icomoon.css]
[themographics.com/html/fashioner/dark/css/transitions.css]
[themographics.com/html/fashioner/dark/images/pattern.png]
[themographics.com/html/fashioner/dark/images/bg-fashioner.png]
[themographics.com/html/fashioner/dark/images/bg-deal.jpg]
[themographics.com/html/fashioner/dark/images/product-shadow.png]
[themographics.com/html/fashioner/dark/images/bg-footer.png]
[themographics.com/html/fashioner/dark/images/bg-footer2.jpg]
[themographics.com/html/fashioner/dark/images/pagebanner-images/banner-pattren.png]
[themographics.com/html/fashioner/dark/images/progress.gif]
[themographics.com/html/fashioner/dark/images/bullet.png]
[themographics.com/html/fashioner/dark/images/quote.png]
[themographics.com/html/fashioner/dark/images/img-48.png]
[themographics.com/html/fashioner/dark/images/seprator.png]
[themographics.com/html/fashioner/dark/css/main.css]
[themographics.com/html/fashioner/dark/images/footer-pattern.png]
[themographics.com/html/fashioner/dark/images/pattern-nav.png]
[themographics.com/html/fashioner/dark/css/skin_black.css]
[themographics.com/html/fashioner/dark/css/responsive.css]
[themographics.com/html/fashioner/dark/info@sitename.html]
[themographics.com/html/fashioner/dark/cart.html]
[themographics.com/html/fashioner/dark/checkout.html]
[themographics.com/html/fashioner/dark/index.html]
[themographics.com/html/fashioner/dark/index-footer-variation.html]
[themographics.com/html/fashioner/dark/about-us.html]
[themographics.com/html/fashioner/dark/product-list.html]
[themographics.com/html/fashioner/dark/product-single.html]
[themographics.com/html/fashioner/dark/images/gallery-masonry/large/img-15.jpg]
[themographics.com/html/fashioner/dark/images/gallery-masonry/img-16.jpg]
[themographics.com/html/fashioner/dark/images/gallery-masonry/large/img-16.jpg]
[themographics.com/html/fashioner/dark/images/gallery-masonry/img-17.jpg]
[themographics.com/html/fashioner/dark/images/gallery-masonry/large/img-17.jpg]
[themographics.com/html/fashioner/dark/gallery-masonry2.html]
[themographics.com/html/fashioner/dark/index-team.html]
[themographics.com/html/fashioner/dark/images/img-15.jpg]
[themographics.com/html/fashioner/dark/images/img-16.jpg]
[themographics.com/html/fashioner/dark/images/img-17.jpg]
[themographics.com/html/fashioner/dark/images/img-18.jpg]
[themographics.com/html/fashioner/dark/images/img-19.jpg]
[themographics.com/html/fashioner/dark/images/img-20.jpg]
[themographics.com/html/fashioner/dark/images/img-21.jpg]
[themographics.com/html/fashioner/dark/images/img-22.jpg]
[themographics.com/html/fashioner/dark/images/img-23.jpg]
[themographics.com/html/fashioner/dark/images/img-24.jpg]
[themographics.com/html/fashioner/dark/gallery-filterable.html]
[themographics.com/html/fashioner/dark/images/gallery-masonry/img-01.jpg]
[themographics.com/html/fashioner/dark/images/gallery-masonry/large/img-01.jpg]
[themographics.com/html/fashioner/dark/images/gallery-masonry/img-02.jpg]
[themographics.com/html/fashioner/dark/images/gallery-masonry/large/img-02.jpg]
[themographics.com/html/fashioner/dark/images/gallery-masonry/img-03.jpg]
[themographics.com/html/fashioner/dark/images/gallery-masonry/large/img-03.jpg]
[themographics.com/html/fashioner/dark/images/gallery-masonry/img-04.jpg]
[themographics.com/html/fashioner/dark/images/gallery-masonry/large/img-04.jpg]
[themographics.com/html/fashioner/dark/images/gallery-masonry/img-06.jpg]
[themographics.com/html/fashioner/dark/images/gallery-masonry/large/img-06.jpg]
[themographics.com/html/fashioner/dark/images/gallery-masonry/img-07.jpg]
[themographics.com/html/fashioner/dark/images/gallery-masonry/large/img-07.jpg]
[themographics.com/html/fashioner/dark/images/gallery-masonry/img-05.jpg]
[themographics.com/html/fashioner/dark/images/gallery-masonry/large/img-05.jpg]
[themographics.com/html/fashioner/dark/images/gallery-masonry/img-11.jpg]
[themographics.com/html/fashioner/dark/images/gallery-masonry/large/img-11.jpg]
[themographics.com/html/fashioner/dark/images/gallery-masonry/img-09.jpg]
[themographics.com/html/fashioner/dark/images/gallery-masonry/large/img-09.jpg]
[themographics.com/html/fashioner/dark/images/gallery-masonry/img-10.jpg]
[themographics.com/html/fashioner/dark/images/gallery-masonry/large/img-10.jpg]
[themographics.com/html/fashioner/dark/images/gallery-masonry/img-08.jpg]
[themographics.com/html/fashioner/dark/images/gallery-masonry/large/img-08.jpg]
[themographics.com/html/fashioner/dark/gallery-masonry.html]
[themographics.com/html/fashioner/dark/images/img-34.jpg]
[themographics.com/html/fashioner/dark/images/img-35.jpg]
[themographics.com/html/fashioner/dark/images/img-36.jpg]
[themographics.com/html/fashioner/dark/images/img-37.jpg]
[themographics.com/html/fashioner/dark/images/img-38.jpg]
[themographics.com/html/fashioner/dark/images/img-39.jpg]
[themographics.com/html/fashioner/dark/images/img-40.jpg]
[themographics.com/html/fashioner/dark/images/img-41.jpg]
[themographics.com/html/fashioner/dark/images/img-42.jpg]
[themographics.com/html/fashioner/dark/images/img-43.jpg]
[themographics.com/html/fashioner/dark/images/img-44.jpg]
[themographics.com/html/fashioner/dark/images/img-45.jpg]
[themographics.com/html/fashioner/dark/images/thumbnail/thumbnail-07.jpg]
[themographics.com/html/fashioner/dark/images/thumbnail/thumbnail-08.jpg]
[themographics.com/html/fashioner/dark/blog.html]
[themographics.com/html/fashioner/dark/images/img-46.jpg]
[themographics.com/html/fashioner/dark/blog-list.html]
[themographics.com/html/fashioner/dark/blog-grid.html]
[themographics.com/html/fashioner/dark/images/author-avatar-01.jpg]
[themographics.com/html/fashioner/dark/images/author-avatar-02.jpg]
[themographics.com/html/fashioner/dark/images/author-avatar-03.jpg]
[themographics.com/html/fashioner/dark/blog-detail.html]
[themographics.com/html/fashioner/dark/images/img-49.png]
[themographics.com/html/fashioner/dark/404.html]
[themographics.com/html/fashioner/dark/images/logo2.png]
[themographics.com/html/fashioner/dark/js/lodash.js]
[themographics.com/html/fashioner/dark/js/comingsoon-countdown.js]
[themographics.com/html/fashioner/dark/js/supersized.core.js]
[themographics.com/html/fashioner/dark/coming-soon.html]
[themographics.com/html/fashioner/dark/info@domain.html]
[themographics.com/html/fashioner/dark/contactus.html]
[themographics.com/html/fashioner/dark/images/instagram/large/img-01.html]
[themographics.com/html/fashioner/dark/support@sitename.html]
[themographics.com/html/fashioner/dark/fonts/glyphicons-halflings-regular.svg]
[themographics.com/html/fashioner/dark/fonts/fontawesome-webfont93e3.svg]
[themographics.com/html/fashioner/dark/images/prettyPhoto/default/sprite.html]
[themographics.com/html/fashioner/dark/images/prettyPhoto/default/sprite_x.html]
[themographics.com/html/fashioner/dark/images/prettyPhoto/default/sprite_y.html]
[themographics.com/html/fashioner/dark/images/prettyPhoto/default/sprite_next.html]
[themographics.com/html/fashioner/dark/images/prettyPhoto/default/sprite_prev.html]
[themographics.com/html/fashioner/dark/images/prettyPhoto/default/default_thumb.html]
[themographics.com/html/fashioner/dark/images/prettyPhoto/default/loader.html]
[themographics.com/html/fashioner/dark/images/prettyPhoto/light_rounded/sprite.html]
[themographics.com/html/fashioner/dark/images/prettyPhoto/light_rounded/btnNext.html]
[themographics.com/html/fashioner/dark/images/prettyPhoto/light_rounded/btnPrevious.html]
[themographics.com/html/fashioner/dark/images/prettyPhoto/dark_rounded/sprite.html]
[themographics.com/html/fashioner/dark/images/prettyPhoto/dark_rounded/contentPattern.html]
[themographics.com/html/fashioner/dark/images/prettyPhoto/dark_rounded/btnNext.html]
[themographics.com/html/fashioner/dark/images/prettyPhoto/dark_rounded/btnPrevious.html]
[themographics.com/html/fashioner/dark/images/prettyPhoto/dark_rounded/loader.html]
[themographics.com/html/fashioner/dark/images/prettyPhoto/dark_square/loader.html]
[themographics.com/html/fashioner/dark/images/prettyPhoto/dark_square/sprite.html]
[themographics.com/html/fashioner/dark/images/prettyPhoto/dark_square/btnNext.html]
[themographics.com/html/fashioner/dark/images/prettyPhoto/dark_square/btnPrevious.html]
[themographics.com/html/fashioner/dark/images/prettyPhoto/light_square/sprite.html]
[themographics.com/html/fashioner/dark/images/prettyPhoto/light_square/btnNext.html]
[themographics.com/html/fashioner/dark/images/prettyPhoto/light_square/btnPrevious.html]
[themographics.com/html/fashioner/dark/images/prettyPhoto/facebook/sprite.html]
[themographics.com/html/fashioner/dark/images/prettyPhoto/facebook/contentPatternTop.html]
[themographics.com/html/fashioner/dark/images/prettyPhoto/facebook/contentPatternLeft.html]
[themographics.com/html/fashioner/dark/images/prettyPhoto/facebook/contentPatternRight.html]
[themographics.com/html/fashioner/dark/images/prettyPhoto/facebook/loader.html]
[themographics.com/html/fashioner/dark/images/prettyPhoto/facebook/btnNext.html]
[themographics.com/html/fashioner/dark/images/prettyPhoto/facebook/btnPrevious.html]
[themographics.com/html/fashioner/dark/images/prettyPhoto/facebook/contentPatternBottom.html]
[themographics.com/html/fashioner/dark/images/prettyPhoto/facebook/default_thumbnail.html]
[themographics.com/html/fashioner/dark/images/prettyPhoto/light_rounded/loader.html]
[themographics.com/html/fashioner/dark/css/prettyPhoto.css]
[themographics.com/html/fashioner/dark/css/grabbing.html]
[themographics.com/html/fashioner/dark/images/AjaxLoader.html]
[themographics.com/html/fashioner/dark/fonts/flaticon.svg]
[themographics.com/html/fashioner/dark/fonts/icomoon55d0.svg]
[themographics.com/html/fashioner/dark/css/color.css]
[themographics.com/html/fashioner/dark/images/img-48.png]
[themographics.com/html/fashioner/dark/images/slider/01-img.jpg]
[themographics.com/html/fashioner/dark/images/slider/02-img.jpg]
[themographics.com/html/fashioner/dark/images/3.jpg]
[themographics.com/html/fashioner/dark/images/2.jpg]
[themographics.com/html/fashioner/dark/images/1.jpg]
[themographics.com/html/fashioner/dark/images/4.jpg]
[themographics.com/html/fashioner/dark/images/6.jpg]
[themographics.com/html/fashioner/dark/images/5.jpg]
[themographics.com/html/fashioner/dark/images/img-13.png]
[themographics.com/html/fashioner/dark/images/thumbnail/thumbnail-03.jpg]
[themographics.com/html/fashioner/dark/images/thumbnail/thumbnail-04.jpg]
[themographics.com/html/fashioner/dark/images/thumbnail/thumbnail-05.jpg]
[themographics.com/html/fashioner/dark/images/hot-deals/img-14.png]
[themographics.com/html/fashioner/dark/images/thumbnail/thumbnail-06.jpg]
[themographics.com/html/fashioner/dark/images/hot-deals/img-17.png]
[themographics.com/html/fashioner/dark/images/hot-deals/img-16.png]
[themographics.com/html/fashioner/dark/images/hot-deals/img-15.png]
[themographics.com/html/fashioner/dark/images/products/product-14.jpg]
[themographics.com/html/fashioner/dark/images/products/product-13.jpg]
[themographics.com/html/fashioner/dark/images/products/product-15.jpg]
[themographics.com/html/fashioner/dark/images/products/product-10.jpg]
[themographics.com/html/fashioner/dark/images/products/product-11.jpg]
[themographics.com/html/fashioner/dark/images/products/product-16.jpg]
[themographics.com/html/fashioner/dark/images/products/product-12.jpg]
[themographics.com/html/fashioner/dark/images/img-25.jpg]
[themographics.com/html/fashioner/dark/images/img-26.jpg]
[themographics.com/html/fashioner/dark/images/brands/brand-01.png]
[themographics.com/html/fashioner/dark/images/brands/brand-03.png]
[themographics.com/html/fashioner/dark/images/brands/brand-02.png]
[themographics.com/html/fashioner/dark/images/brands/brand-04.png]
[themographics.com/html/fashioner/dark/images/brands/brand-05.png]
[themographics.com/html/fashioner/dark/images/img-01.png]
[themographics.com/html/fashioner/dark/images/brands/brand-06.png]
[themographics.com/html/fashioner/dark/images/icon-payment2.png]
[themographics.com/html/fashioner/dark/images/img-30.jpg]
[themographics.com/html/fashioner/dark/images/img-31.jpg]
[themographics.com/html/fashioner/dark/images/img-32.jpg]
[themographics.com/html/fashioner/dark/images/img-33.jpg]
[themographics.com/html/fashioner/dark/images/img-50.jpg]
[themographics.com/html/fashioner/dark/images/products/thumbnail/thumbnail-01.jpg]
[themographics.com/html/fashioner/dark/images/products/thumbnail/thumbnail-02.jpg]
[themographics.com/html/fashioner/dark/images/products/images/img-01.jpg]
[themographics.com/html/fashioner/dark/images/products/thumbnail/thumbnail-03.jpg]
[themographics.com/html/fashioner/dark/images/products/images/img-02.jpg]
[themographics.com/html/fashioner/dark/images/products/images/img-03.jpg]
[themographics.com/html/fashioner/dark/images/thumbnail/review-01.jpg]
[themographics.com/html/fashioner/dark/images/thumbnail/review-03.jpg]
[themographics.com/html/fashioner/dark/images/thumbnail/review-04.jpg]
[themographics.com/html/fashioner/dark/images/thumbnail/review-02.jpg]
[themographics.com/html/fashioner/dark/images/gallery-masonry/img-12.jpg]
[themographics.com/html/fashioner/dark/images/gallery-masonry/large/img-12.jpg]
[themographics.com/html/fashioner/dark/images/gallery-masonry/img-14.jpg]
[themographics.com/html/fashioner/dark/images/gallery-masonry/large/img-13.jpg]
[themographics.com/html/fashioner/dark/images/gallery-masonry/large/img-14.jpg]
[themographics.com/html/fashioner/dark/images/gallery-masonry/img-13.jpg]
[themographics.com/html/fashioner/dark/index-team.html]
[themographics.com/html/fashioner/dark/css/comingsoon-countdown.css]
[themographics.com/html/fashioner/dark/info@domain.html]
[themographics.com/html/fashioner/dark/images/prettyPhoto/default/sprite.html]
[themographics.com/html/fashioner/dark/images/prettyPhoto/default/sprite_x.html]
[themographics.com/html/fashioner/dark/images/prettyPhoto/default/sprite_y.html]
[themographics.com/html/fashioner/dark/images/prettyPhoto/default/sprite_next.html]
[themographics.com/html/fashioner/dark/images/prettyPhoto/default/sprite_prev.html]
[themographics.com/html/fashioner/dark/images/prettyPhoto/default/default_thumb.html]
[themographics.com/html/fashioner/dark/images/prettyPhoto/default/loader.html]
[themographics.com/html/fashioner/dark/images/prettyPhoto/light_rounded/sprite.html]
[themographics.com/html/fashioner/dark/images/prettyPhoto/light_rounded/btnNext.html]
[themographics.com/html/fashioner/dark/images/prettyPhoto/light_rounded/btnPrevious.html]
[themographics.com/html/fashioner/dark/images/prettyPhoto/dark_rounded/sprite.html]
[themographics.com/html/fashioner/dark/images/prettyPhoto/dark_rounded/contentPattern.html]
[themographics.com/html/fashioner/dark/images/prettyPhoto/dark_rounded/btnNext.html]
[themographics.com/html/fashioner/dark/images/prettyPhoto/dark_rounded/btnPrevious.html]
[themographics.com/html/fashioner/dark/images/prettyPhoto/dark_rounded/loader.html]
[themographics.com/html/fashioner/dark/images/prettyPhoto/dark_square/loader.html]
[themographics.com/html/fashioner/dark/images/prettyPhoto/dark_square/sprite.html]
[themographics.com/html/fashioner/dark/images/prettyPhoto/dark_square/btnNext.html]
[themographics.com/html/fashioner/dark/images/prettyPhoto/dark_square/btnPrevious.html]
[themographics.com/html/fashioner/dark/images/prettyPhoto/light_square/sprite.html]
[themographics.com/html/fashioner/dark/images/prettyPhoto/light_square/btnNext.html]
[themographics.com/html/fashioner/dark/images/prettyPhoto/light_square/btnPrevious.html]
[themographics.com/html/fashioner/dark/images/prettyPhoto/facebook/sprite.html]
[themographics.com/html/fashioner/dark/images/prettyPhoto/facebook/contentPatternTop.html]
[themographics.com/html/fashioner/dark/images/prettyPhoto/facebook/contentPatternLeft.html]
[themographics.com/html/fashioner/dark/images/prettyPhoto/facebook/contentPatternRight.html]
[themographics.com/html/fashioner/dark/images/prettyPhoto/facebook/loader.html]
[themographics.com/html/fashioner/dark/images/prettyPhoto/facebook/btnNext.html]
[themographics.com/html/fashioner/dark/images/prettyPhoto/facebook/btnPrevious.html]
[themographics.com/html/fashioner/dark/images/prettyPhoto/facebook/contentPatternBottom.html]
[themographics.com/html/fashioner/dark/images/prettyPhoto/facebook/default_thumbnail.html]
[themographics.com/html/fashioner/dark/images/prettyPhoto/light_rounded/loader.html]
[themographics.com/html/fashioner/dark/images/gallery-masonry/img-15.jpg]
